// Jest Snapshot v1, https://goo.gl/fbAQLP

exports[`adds numbers correctly 1`] = `
<div>
  <input
    aria-label="Expression"
    className="form-control"
    onChange={[Function]}
    placeholder=""
    value=" "
  />
  <div
    id="result"
  >
    
  </div>
  <div
    className="btn-group"
    role="group"
  >
    <button
      className="btn btn-secondary"
      disabled={false}
      onClick={[Function]}
      type="button"
    >
      &lt;
    </button>
    <button
      className="btn btn-secondary"
      disabled={false}
      onClick={[Function]}
      type="button"
    >
      AC
    </button>
    <button
      className="btn btn-secondary"
      disabled={false}
      onClick={[Function]}
      type="button"
    >
      C
    </button>
    <button
      className="btn btn-secondary"
      disabled={false}
      onClick={[Function]}
      type="button"
    >
      &gt;
    </button>
  </div>
  <br />
  <div
    className="btn-group"
    role="group"
  >
    <button
      className="btn btn-secondary"
      disabled={false}
      onClick={[Function]}
      type="button"
    >
      +
    </button>
    <button
      className="btn btn-secondary"
      disabled={false}
      onClick={[Function]}
      type="button"
    >
      -
    </button>
    <button
      className="btn btn-secondary"
      disabled={false}
      onClick={[Function]}
      type="button"
    >
      x
    </button>
    <button
      className="btn btn-secondary"
      disabled={false}
      onClick={[Function]}
      type="button"
    >
      รท
    </button>
  </div>
  <div
    className="dropdown"
    onKeyDown={[Function]}
  >
    <button
      aria-expanded={false}
      aria-haspopup={true}
      className="dropdown-toggle btn btn-success"
      disabled={false}
      id="dropdown-basic"
      onClick={[Function]}
      type="button"
    >
      Dropdown Button
    </button>
  </div>
</div>
`;
